mode: set
famcscoin-backend/internal/repository/bet_repository.go:25.57,27.2 1 1
famcscoin-backend/internal/repository/bet_repository.go:29.95,39.16 3 1
famcscoin-backend/internal/repository/bet_repository.go:39.16,41.3 1 0
famcscoin-backend/internal/repository/bet_repository.go:42.2,45.18 3 1
famcscoin-backend/internal/repository/bet_repository.go:45.18,48.173 3 1
famcscoin-backend/internal/repository/bet_repository.go:48.173,50.12 2 0
famcscoin-backend/internal/repository/bet_repository.go:52.3,59.20 5 1
famcscoin-backend/internal/repository/bet_repository.go:59.20,62.86 3 1
famcscoin-backend/internal/repository/bet_repository.go:62.86,64.5 1 1
famcscoin-backend/internal/repository/bet_repository.go:66.3,68.25 2 1
famcscoin-backend/internal/repository/bet_repository.go:70.2,70.18 1 1
famcscoin-backend/internal/repository/bet_repository.go:73.86,77.2 3 1
famcscoin-backend/internal/repository/bet_repository.go:79.121,81.16 2 1
famcscoin-backend/internal/repository/bet_repository.go:81.16,83.3 1 0
famcscoin-backend/internal/repository/bet_repository.go:84.2,89.16 5 1
famcscoin-backend/internal/repository/bet_repository.go:89.16,91.3 1 0
famcscoin-backend/internal/repository/bet_repository.go:93.2,93.52 1 1
famcscoin-backend/internal/repository/bet_repository.go:93.52,95.3 1 0
famcscoin-backend/internal/repository/bet_repository.go:97.2,99.16 3 1
famcscoin-backend/internal/repository/bet_repository.go:99.16,101.3 1 0
famcscoin-backend/internal/repository/bet_repository.go:103.2,103.22 1 1
famcscoin-backend/internal/repository/bet_repository.go:103.22,105.3 1 0
famcscoin-backend/internal/repository/bet_repository.go:107.2,108.16 2 1
famcscoin-backend/internal/repository/bet_repository.go:108.16,110.3 1 0
famcscoin-backend/internal/repository/bet_repository.go:112.2,113.16 2 1
famcscoin-backend/internal/repository/bet_repository.go:113.16,115.3 1 0
famcscoin-backend/internal/repository/bet_repository.go:117.2,118.16 2 1
famcscoin-backend/internal/repository/bet_repository.go:118.16,120.3 1 0
famcscoin-backend/internal/repository/bet_repository.go:122.2,122.23 1 1
famcscoin-backend/internal/repository/bet_repository.go:125.93,127.16 2 1
famcscoin-backend/internal/repository/bet_repository.go:127.16,129.3 1 0
famcscoin-backend/internal/repository/bet_repository.go:130.2,134.16 3 1
famcscoin-backend/internal/repository/bet_repository.go:134.16,136.3 1 0
famcscoin-backend/internal/repository/bet_repository.go:139.2,142.16 4 1
famcscoin-backend/internal/repository/bet_repository.go:142.16,142.30 1 0
famcscoin-backend/internal/repository/bet_repository.go:144.2,145.16 2 1
famcscoin-backend/internal/repository/bet_repository.go:145.16,145.30 1 0
famcscoin-backend/internal/repository/bet_repository.go:147.2,147.21 1 1
famcscoin-backend/internal/repository/bet_repository.go:147.21,150.17 2 1
famcscoin-backend/internal/repository/bet_repository.go:150.17,150.31 1 0
famcscoin-backend/internal/repository/bet_repository.go:151.3,159.19 4 1
famcscoin-backend/internal/repository/bet_repository.go:159.19,161.68 2 1
famcscoin-backend/internal/repository/bet_repository.go:161.68,163.5 1 1
famcscoin-backend/internal/repository/bet_repository.go:165.3,167.29 2 1
famcscoin-backend/internal/repository/bet_repository.go:167.29,170.18 3 1
famcscoin-backend/internal/repository/bet_repository.go:170.18,170.32 1 0
famcscoin-backend/internal/repository/bet_repository.go:172.4,173.18 2 1
famcscoin-backend/internal/repository/bet_repository.go:173.18,173.32 1 0
famcscoin-backend/internal/repository/bet_repository.go:175.4,176.18 2 1
famcscoin-backend/internal/repository/bet_repository.go:176.18,176.32 1 0
famcscoin-backend/internal/repository/bet_repository.go:180.2,180.23 1 1
famcscoin-backend/internal/repository/feedback_repository.go:20.67,22.2 1 1
famcscoin-backend/internal/repository/feedback_repository.go:24.91,27.16 3 1
famcscoin-backend/internal/repository/feedback_repository.go:27.16,29.3 1 0
famcscoin-backend/internal/repository/feedback_repository.go:30.2,33.18 3 1
famcscoin-backend/internal/repository/feedback_repository.go:33.18,35.87 2 1
famcscoin-backend/internal/repository/feedback_repository.go:35.87,37.4 1 1
famcscoin-backend/internal/repository/feedback_repository.go:39.2,39.23 1 1
famcscoin-backend/internal/repository/feedback_repository.go:42.99,45.2 2 1
famcscoin-backend/internal/repository/feedback_repository.go:47.93,50.2 2 1
famcscoin-backend/internal/repository/shop_repository.go:25.59,27.2 1 1
famcscoin-backend/internal/repository/shop_repository.go:29.97,37.16 3 1
famcscoin-backend/internal/repository/shop_repository.go:37.16,39.3 1 0
famcscoin-backend/internal/repository/shop_repository.go:40.2,43.18 3 1
famcscoin-backend/internal/repository/shop_repository.go:43.18,46.143 3 1
famcscoin-backend/internal/repository/shop_repository.go:46.143,48.12 2 0
famcscoin-backend/internal/repository/shop_repository.go:51.3,52.30 2 1
famcscoin-backend/internal/repository/shop_repository.go:54.2,54.19 1 1
famcscoin-backend/internal/repository/shop_repository.go:57.89,61.2 3 1
famcscoin-backend/internal/repository/shop_repository.go:63.79,65.16 2 1
famcscoin-backend/internal/repository/shop_repository.go:65.16,67.3 1 0
famcscoin-backend/internal/repository/shop_repository.go:68.2,72.16 3 1
famcscoin-backend/internal/repository/shop_repository.go:72.16,74.3 1 0
famcscoin-backend/internal/repository/shop_repository.go:76.2,81.18 3 1
famcscoin-backend/internal/repository/shop_repository.go:81.18,85.55 4 1
famcscoin-backend/internal/repository/shop_repository.go:85.55,89.4 2 1
famcscoin-backend/internal/repository/shop_repository.go:91.2,93.30 2 1
famcscoin-backend/internal/repository/shop_repository.go:93.30,95.17 2 1
famcscoin-backend/internal/repository/shop_repository.go:95.17,97.4 1 0
famcscoin-backend/internal/repository/shop_repository.go:98.3,99.17 2 1
famcscoin-backend/internal/repository/shop_repository.go:99.17,101.4 1 0
famcscoin-backend/internal/repository/shop_repository.go:104.2,105.16 2 1
famcscoin-backend/internal/repository/shop_repository.go:105.16,107.3 1 0
famcscoin-backend/internal/repository/shop_repository.go:110.2,119.30 2 1
famcscoin-backend/internal/repository/shop_repository.go:119.30,127.3 1 1
famcscoin-backend/internal/repository/shop_repository.go:129.2,129.23 1 1
famcscoin-backend/internal/repository/shop_repository.go:132.90,134.16 2 1
famcscoin-backend/internal/repository/shop_repository.go:134.16,136.3 1 0
famcscoin-backend/internal/repository/shop_repository.go:137.2,142.16 4 1
famcscoin-backend/internal/repository/shop_repository.go:142.16,144.3 1 0
famcscoin-backend/internal/repository/shop_repository.go:147.2,149.16 3 1
famcscoin-backend/internal/repository/shop_repository.go:149.16,151.3 1 0
famcscoin-backend/internal/repository/shop_repository.go:154.2,156.40 3 1
famcscoin-backend/internal/repository/shop_repository.go:156.40,158.3 1 0
famcscoin-backend/internal/repository/shop_repository.go:160.2,162.21 2 1
famcscoin-backend/internal/repository/shop_repository.go:162.21,164.3 1 0
famcscoin-backend/internal/repository/shop_repository.go:167.2,168.16 2 1
famcscoin-backend/internal/repository/shop_repository.go:168.16,170.3 1 0
famcscoin-backend/internal/repository/shop_repository.go:173.2,177.16 2 1
famcscoin-backend/internal/repository/shop_repository.go:177.16,179.3 1 0
famcscoin-backend/internal/repository/shop_repository.go:181.2,182.16 2 1
famcscoin-backend/internal/repository/shop_repository.go:182.16,184.3 1 0
famcscoin-backend/internal/repository/shop_repository.go:186.2,186.23 1 1
famcscoin-backend/internal/repository/shop_repository.go:189.91,192.16 2 1
famcscoin-backend/internal/repository/shop_repository.go:192.16,194.3 1 0
famcscoin-backend/internal/repository/shop_repository.go:195.2,200.16 4 1
famcscoin-backend/internal/repository/shop_repository.go:200.16,202.3 1 0
famcscoin-backend/internal/repository/shop_repository.go:205.2,207.16 3 1
famcscoin-backend/internal/repository/shop_repository.go:207.16,209.3 1 0
famcscoin-backend/internal/repository/shop_repository.go:212.2,214.16 3 1
famcscoin-backend/internal/repository/shop_repository.go:214.16,215.27 1 0
famcscoin-backend/internal/repository/shop_repository.go:215.27,217.4 1 0
famcscoin-backend/internal/repository/shop_repository.go:218.3,218.13 1 0
famcscoin-backend/internal/repository/shop_repository.go:221.2,221.14 1 1
famcscoin-backend/internal/repository/shop_repository.go:221.14,223.3 1 0
famcscoin-backend/internal/repository/shop_repository.go:225.2,229.16 3 1
famcscoin-backend/internal/repository/shop_repository.go:229.16,231.3 1 0
famcscoin-backend/internal/repository/shop_repository.go:233.2,233.14 1 1
famcscoin-backend/internal/repository/shop_repository.go:233.14,235.3 1 0
famcscoin-backend/internal/repository/shop_repository.go:235.8,237.3 1 1
famcscoin-backend/internal/repository/shop_repository.go:238.2,238.16 1 1
famcscoin-backend/internal/repository/shop_repository.go:238.16,240.3 1 0
famcscoin-backend/internal/repository/shop_repository.go:242.2,243.16 2 1
famcscoin-backend/internal/repository/shop_repository.go:243.16,245.3 1 0
famcscoin-backend/internal/repository/shop_repository.go:247.2,247.23 1 1
famcscoin-backend/internal/repository/user_repository.go:27.59,29.2 1 1
famcscoin-backend/internal/repository/user_repository.go:31.91,37.16 5 1
famcscoin-backend/internal/repository/user_repository.go:37.16,38.27 1 1
famcscoin-backend/internal/repository/user_repository.go:38.27,40.4 1 1
famcscoin-backend/internal/repository/user_repository.go:41.3,41.18 1 0
famcscoin-backend/internal/repository/user_repository.go:43.2,43.16 1 1
famcscoin-backend/internal/repository/user_repository.go:46.83,53.2 3 1
famcscoin-backend/internal/repository/user_repository.go:55.113,59.2 3 1
famcscoin-backend/internal/repository/user_repository.go:61.87,65.2 3 1
famcscoin-backend/internal/repository/user_repository.go:67.96,70.16 3 1
famcscoin-backend/internal/repository/user_repository.go:70.16,72.3 1 0
famcscoin-backend/internal/repository/user_repository.go:73.2,76.18 3 1
famcscoin-backend/internal/repository/user_repository.go:76.18,78.98 2 1
famcscoin-backend/internal/repository/user_repository.go:78.98,80.12 2 0
famcscoin-backend/internal/repository/user_repository.go:82.3,82.27 1 1
famcscoin-backend/internal/repository/user_repository.go:84.2,84.19 1 1
famcscoin-backend/internal/repository/user_repository.go:87.123,89.15 2 1
famcscoin-backend/internal/repository/user_repository.go:89.15,91.17 2 0
famcscoin-backend/internal/repository/user_repository.go:91.17,93.4 1 0
famcscoin-backend/internal/repository/user_repository.go:94.8,96.17 2 1
famcscoin-backend/internal/repository/user_repository.go:96.17,98.4 1 1
famcscoin-backend/internal/repository/user_repository.go:100.2,100.12 1 1
famcscoin-backend/internal/repository/user_repository.go:103.111,105.16 2 1
famcscoin-backend/internal/repository/user_repository.go:105.16,107.3 1 0
famcscoin-backend/internal/repository/user_repository.go:108.2,113.16 4 1
famcscoin-backend/internal/repository/user_repository.go:113.16,115.3 1 0
famcscoin-backend/internal/repository/user_repository.go:117.2,117.32 1 1
famcscoin-backend/internal/repository/user_repository.go:117.32,119.3 1 0
famcscoin-backend/internal/repository/user_repository.go:121.2,122.16 2 1
famcscoin-backend/internal/repository/user_repository.go:122.16,124.3 1 0
famcscoin-backend/internal/repository/user_repository.go:126.2,127.16 2 1
famcscoin-backend/internal/repository/user_repository.go:127.16,129.3 1 0
famcscoin-backend/internal/repository/user_repository.go:131.2,131.23 1 1
